// Jest Snapshot v1, https://goo.gl/fbAQLP

exports[`polygon utils createWrappedRow should create a wrapped row 1`] = `
[
  {
    "x": 0,
    "y": 0,
  },
  {
    "x": 110,
    "y": 0,
  },
  {
    "x": 220,
    "y": 0,
  },
  {
    "x": 330,
    "y": 0,
  },
  {
    "x": 440,
    "y": 0,
  },
  {
    "x": 0,
    "y": 110,
  },
  {
    "x": 110,
    "y": 110,
  },
  {
    "x": 220,
    "y": 110,
  },
  {
    "x": 330,
    "y": 110,
  },
  {
    "x": 440,
    "y": 110,
  },
  {
    "x": 0,
    "y": 220,
  },
  {
    "x": 110,
    "y": 220,
  },
  {
    "x": 220,
    "y": 220,
  },
  {
    "x": 330,
    "y": 220,
  },
  {
    "x": 440,
    "y": 220,
  },
  {
    "x": 0,
    "y": 330,
  },
  {
    "x": 110,
    "y": 330,
  },
  {
    "x": 220,
    "y": 330,
  },
  {
    "x": 330,
    "y": 330,
  },
  {
    "x": 440,
    "y": 330,
  },
]
`;
